ASSERTION	AAEDAAECAwAAAAAAAIizQA==
ASSERTION	AAECAAICAAAAAAAAwFdA
RUN	simulations.GwtXsrfSimulation	gwtxsrfsimulation	1782333806065	 	3.11.5
USER	GwtXsrfJourney	START	1782333806341
REQUEST		GET .nocache.js	1782333806278	1782333806421	OK	 
REQUEST		POST /api/auth/login	1782333806447	1782333806454	OK	 
USER	GwtXsrfJourney	START	1782333807257
REQUEST		GET .nocache.js	1782333807255	1782333807289	OK	 
REQUEST		POST /api/auth/login	1782333807291	1782333807294	OK	 
REQUEST		GWT-RPC XsrfTokenService.getNewXsrfToken	1782333807811	1782333807815	OK	 
REQUEST		GWT-RPC open	1782333807820	1782333807823	OK	 
USER	GwtXsrfJourney	START	1782333808257
REQUEST		GET .nocache.js	1782333808256	1782333808263	OK	 
REQUEST		POST /api/auth/login	1782333808264	1782333808267	OK	 
REQUEST		GWT-RPC XsrfTokenService.getNewXsrfToken	1782333808341	1782333808345	OK	 
REQUEST		GWT-RPC open	1782333808348	1782333808351	OK	 
REQUEST		GWT-RPC XsrfTokenService.getNewXsrfToken	1782333808860	1782333808864	OK	 
REQUEST		GWT-RPC submit	1782333808869	1782333808872	OK	 
USER	GwtXsrfJourney	START	1782333809254
REQUEST		GET .nocache.js	1782333809253	1782333809259	OK	 
REQUEST		POST /api/auth/login	1782333809260	1782333809263	OK	 
USER	GwtXsrfJourney	START	1782333809753
REQUEST		GET .nocache.js	1782333809751	1782333809758	OK	 
REQUEST		POST /api/auth/login	1782333809759	1782333809762	OK	 
USER	GwtXsrfJourney	END	1782333809877
REQUEST		GWT-RPC XsrfTokenService.getNewXsrfToken	1782333810036	1782333810038	OK	 
REQUEST		GWT-RPC open	1782333810040	1782333810041	OK	 
REQUEST		GWT-RPC XsrfTokenService.getNewXsrfToken	1782333810180	1782333810183	OK	 
REQUEST		GWT-RPC submit	1782333810184	1782333810186	OK	 
USER	GwtXsrfJourney	START	1782333810254
REQUEST		GET .nocache.js	1782333810252	1782333810286	OK	 
REQUEST		POST /api/auth/login	1782333810287	1782333810290	OK	 
REQUEST		GWT-RPC XsrfTokenService.getNewXsrfToken	1782333810461	1782333810464	OK	 
REQUEST		GWT-RPC open	1782333810466	1782333810467	OK	 
USER	GwtXsrfJourney	START	1782333810752
REQUEST		GET .nocache.js	1782333810751	1782333810757	OK	 
REQUEST		POST /api/auth/login	1782333810759	1782333810762	OK	 
USER	GwtXsrfJourney	END	1782333811188
USER	GwtXsrfJourney	START	1782333811252
REQUEST		GET .nocache.js	1782333811251	1782333811256	OK	 
REQUEST		POST /api/auth/login	1782333811258	1782333811261	OK	 
REQUEST		GWT-RPC XsrfTokenService.getNewXsrfToken	1782333811396	1782333811399	OK	 
REQUEST		GWT-RPC submit	1782333811400	1782333811402	OK	 
REQUEST		GWT-RPC XsrfTokenService.getNewXsrfToken	1782333811545	1782333811547	OK	 
REQUEST		GWT-RPC open	1782333811549	1782333811551	OK	 
REQUEST		GWT-RPC XsrfTokenService.getNewXsrfToken	1782333811728	1782333811731	OK	 
REQUEST		GWT-RPC open	1782333811732	1782333811734	OK	 
USER	GwtXsrfJourney	START	1782333811753
REQUEST		GET .nocache.js	1782333811752	1782333811756	OK	 
REQUEST		POST /api/auth/login	1782333811758	1782333811761	OK	 
REQUEST		GWT-RPC XsrfTokenService.getNewXsrfToken	1782333811950	1782333811952	OK	 
REQUEST		GWT-RPC submit	1782333811953	1782333811956	OK	 
USER	GwtXsrfJourney	START	1782333812253
REQUEST		GET .nocache.js	1782333812252	1782333812256	OK	 
REQUEST		POST /api/auth/login	1782333812258	1782333812261	OK	 
REQUEST		GWT-RPC XsrfTokenService.getNewXsrfToken	1782333812278	1782333812280	OK	 
REQUEST		GWT-RPC open	1782333812281	1782333812285	OK	 
USER	GwtXsrfJourney	END	1782333812404
REQUEST		GWT-RPC XsrfTokenService.getNewXsrfToken	1782333812633	1782333812636	OK	 
REQUEST		GWT-RPC open	1782333812637	1782333812639	OK	 
USER	GwtXsrfJourney	START	1782333812752
REQUEST		GET .nocache.js	1782333812751	1782333812755	OK	 
REQUEST		POST /api/auth/login	1782333812757	1782333812760	OK	 
USER	GwtXsrfJourney	END	1782333812958
REQUEST		GWT-RPC XsrfTokenService.getNewXsrfToken	1782333813193	1782333813195	OK	 
REQUEST		GWT-RPC open	1782333813196	1782333813198	OK	 
USER	GwtXsrfJourney	START	1782333813252
REQUEST		GET .nocache.js	1782333813252	1782333813255	OK	 
REQUEST		POST /api/auth/login	1782333813257	1782333813259	OK	 
REQUEST		GWT-RPC XsrfTokenService.getNewXsrfToken	1782333813383	1782333813385	OK	 
REQUEST		GWT-RPC submit	1782333813386	1782333813388	OK	 
REQUEST		GWT-RPC XsrfTokenService.getNewXsrfToken	1782333813474	1782333813476	OK	 
REQUEST		GWT-RPC submit	1782333813477	1782333813479	OK	 
REQUEST		GWT-RPC XsrfTokenService.getNewXsrfToken	1782333813506	1782333813508	OK	 
REQUEST		GWT-RPC submit	1782333813510	1782333813512	OK	 
REQUEST		GWT-RPC XsrfTokenService.getNewXsrfToken	1782333813515	1782333813516	OK	 
REQUEST		GWT-RPC open	1782333813517	1782333813518	OK	 
USER	GwtXsrfJourney	START	1782333813585
REQUEST		GET .nocache.js	1782333813584	1782333813589	OK	 
REQUEST		POST /api/auth/login	1782333813591	1782333813593	OK	 
REQUEST		GWT-RPC XsrfTokenService.getNewXsrfToken	1782333813649	1782333813652	OK	 
REQUEST		GWT-RPC submit	1782333813653	1782333813654	OK	 
USER	GwtXsrfJourney	START	1782333813918
REQUEST		GET .nocache.js	1782333813918	1782333813921	OK	 
REQUEST		GWT-RPC XsrfTokenService.getNewXsrfToken	1782333813922	1782333813925	OK	 
REQUEST		POST /api/auth/login	1782333813923	1782333813927	OK	 
REQUEST		GWT-RPC open	1782333813926	1782333813928	OK	 
USER	GwtXsrfJourney	START	1782333814252
REQUEST		GET .nocache.js	1782333814252	1782333814255	OK	 
REQUEST		POST /api/auth/login	1782333814256	1782333814259	OK	 
USER	GwtXsrfJourney	END	1782333814389
USER	GwtXsrfJourney	END	1782333814481
USER	GwtXsrfJourney	END	1782333814513
USER	GwtXsrfJourney	START	1782333814585
REQUEST		GET .nocache.js	1782333814584	1782333814588	OK	 
REQUEST		POST /api/auth/login	1782333814589	1782333814592	OK	 
USER	GwtXsrfJourney	END	1782333814656
REQUEST		GWT-RPC XsrfTokenService.getNewXsrfToken	1782333814876	1782333814878	OK	 
REQUEST		GWT-RPC open	1782333814879	1782333814880	OK	 
REQUEST		GWT-RPC XsrfTokenService.getNewXsrfToken	1782333814893	1782333814895	OK	 
REQUEST		GWT-RPC open	1782333814896	1782333814898	OK	 
USER	GwtXsrfJourney	START	1782333814918
REQUEST		GET .nocache.js	1782333814918	1782333814921	OK	 
REQUEST		GWT-RPC XsrfTokenService.getNewXsrfToken	1782333814920	1782333814922	OK	 
REQUEST		GWT-RPC submit	1782333814922	1782333814924	OK	 
REQUEST		POST /api/auth/login	1782333814922	1782333814925	OK	 
REQUEST		GWT-RPC XsrfTokenService.getNewXsrfToken	1782333814968	1782333814970	OK	 
REQUEST		GWT-RPC submit	1782333814971	1782333814972	OK	 
REQUEST		GWT-RPC XsrfTokenService.getNewXsrfToken	1782333815043	1782333815045	OK	 
REQUEST		GWT-RPC submit	1782333815046	1782333815048	OK	 
USER	GwtXsrfJourney	START	1782333815252
REQUEST		GET .nocache.js	1782333815252	1782333815257	OK	 
REQUEST		POST /api/auth/login	1782333815259	1782333815261	OK	 
REQUEST		GWT-RPC XsrfTokenService.getNewXsrfToken	1782333815300	1782333815302	OK	 
REQUEST		GWT-RPC open	1782333815303	1782333815305	OK	 
REQUEST		GWT-RPC XsrfTokenService.getNewXsrfToken	1782333815480	1782333815482	OK	 
REQUEST		GWT-RPC open	1782333815483	1782333815485	OK	 
USER	GwtXsrfJourney	START	1782333815585
REQUEST		GET .nocache.js	1782333815584	1782333815589	OK	 
REQUEST		POST /api/auth/login	1782333815591	1782333815593	OK	 
REQUEST		GWT-RPC XsrfTokenService.getNewXsrfToken	1782333815635	1782333815637	OK	 
REQUEST		GWT-RPC open	1782333815639	1782333815640	OK	 
USER	GwtXsrfJourney	START	1782333815919
REQUEST		GET .nocache.js	1782333815918	1782333815922	OK	 
USER	GwtXsrfJourney	END	1782333815925
REQUEST		POST /api/auth/login	1782333815923	1782333815926	OK	 
USER	GwtXsrfJourney	END	1782333815974
REQUEST		GWT-RPC XsrfTokenService.getNewXsrfToken	1782333815986	1782333815988	OK	 
REQUEST		GWT-RPC open	1782333815989	1782333815991	OK	 
USER	GwtXsrfJourney	END	1782333816049
REQUEST		GWT-RPC XsrfTokenService.getNewXsrfToken	1782333816204	1782333816207	OK	 
REQUEST		GWT-RPC submit	1782333816208	1782333816210	OK	 
REQUEST		GWT-RPC XsrfTokenService.getNewXsrfToken	1782333816246	1782333816248	OK	 
REQUEST		GWT-RPC submit	1782333816249	1782333816250	OK	 
USER	GwtXsrfJourney	START	1782333816251
REQUEST		GET .nocache.js	1782333816251	1782333816254	OK	 
REQUEST		POST /api/auth/login	1782333816255	1782333816258	OK	 
USER	GwtXsrfJourney	START	1782333816585
REQUEST		GET .nocache.js	1782333816584	1782333816588	OK	 
REQUEST		POST /api/auth/login	1782333816589	1782333816593	OK	 
REQUEST		GWT-RPC XsrfTokenService.getNewXsrfToken	1782333816630	1782333816631	OK	 
REQUEST		GWT-RPC submit	1782333816632	1782333816633	OK	 
REQUEST		GWT-RPC XsrfTokenService.getNewXsrfToken	1782333816721	1782333816724	OK	 
REQUEST		GWT-RPC submit	1782333816724	1782333816727	OK	 
USER	GwtXsrfJourney	START	1782333816918
REQUEST		GET .nocache.js	1782333816917	1782333816921	OK	 
REQUEST		POST /api/auth/login	1782333816923	1782333816927	OK	 
REQUEST		GWT-RPC XsrfTokenService.getNewXsrfToken	1782333816974	1782333816976	OK	 
REQUEST		GWT-RPC XsrfTokenService.getNewXsrfToken	1782333816973	1782333816977	OK	 
REQUEST		GWT-RPC open	1782333816977	1782333816979	OK	 
REQUEST		GWT-RPC open	1782333816978	1782333816979	OK	 
REQUEST		GWT-RPC XsrfTokenService.getNewXsrfToken	1782333817113	1782333817115	OK	 
REQUEST		GWT-RPC submit	1782333817115	1782333817117	OK	 
REQUEST		GWT-RPC XsrfTokenService.getNewXsrfToken	1782333817167	1782333817169	OK	 
REQUEST		GWT-RPC submit	1782333817170	1782333817173	OK	 
USER	GwtXsrfJourney	END	1782333817211
USER	GwtXsrfJourney	START	1782333817252
USER	GwtXsrfJourney	END	1782333817252
REQUEST		GET .nocache.js	1782333817251	1782333817262	OK	 
REQUEST		POST /api/auth/login	1782333817263	1782333817266	OK	 
REQUEST		GWT-RPC XsrfTokenService.getNewXsrfToken	1782333817358	1782333817361	OK	 
REQUEST		GWT-RPC open	1782333817361	1782333817363	OK	 
USER	GwtXsrfJourney	START	1782333817584
REQUEST		GET .nocache.js	1782333817584	1782333817587	OK	 
REQUEST		POST /api/auth/login	1782333817588	1782333817591	OK	 
USER	GwtXsrfJourney	END	1782333817634
REQUEST		GWT-RPC XsrfTokenService.getNewXsrfToken	1782333817677	1782333817679	OK	 
REQUEST		GWT-RPC open	1782333817679	1782333817680	OK	 
USER	GwtXsrfJourney	END	1782333817729
USER	GwtXsrfJourney	START	1782333817918
REQUEST		GET .nocache.js	1782333817917	1782333817921	OK	 
REQUEST		POST /api/auth/login	1782333817923	1782333817927	OK	 
USER	GwtXsrfJourney	END	1782333818118
REQUEST		GWT-RPC XsrfTokenService.getNewXsrfToken	1782333818131	1782333818133	OK	 
REQUEST		GWT-RPC open	1782333818134	1782333818136	OK	 
REQUEST		GWT-RPC XsrfTokenService.getNewXsrfToken	1782333818139	1782333818140	OK	 
REQUEST		GWT-RPC submit	1782333818141	1782333818142	OK	 
USER	GwtXsrfJourney	END	1782333818175
USER	GwtXsrfJourney	START	1782333818252
REQUEST		GET .nocache.js	1782333818252	1782333818255	OK	 
REQUEST		POST /api/auth/login	1782333818257	1782333818260	OK	 
REQUEST		GWT-RPC XsrfTokenService.getNewXsrfToken	1782333818334	1782333818336	OK	 
REQUEST		GWT-RPC open	1782333818337	1782333818338	OK	 
REQUEST		GWT-RPC XsrfTokenService.getNewXsrfToken	1782333818544	1782333818546	OK	 
REQUEST		GWT-RPC XsrfTokenService.getNewXsrfToken	1782333818546	1782333818547	OK	 
REQUEST		GWT-RPC submit	1782333818547	1782333818548	OK	 
REQUEST		GWT-RPC submit	1782333818548	1782333818549	OK	 
USER	GwtXsrfJourney	START	1782333818584
REQUEST		GET .nocache.js	1782333818583	1782333818586	OK	 
REQUEST		POST /api/auth/login	1782333818587	1782333818590	OK	 
REQUEST		GWT-RPC XsrfTokenService.getNewXsrfToken	1782333818708	1782333818710	OK	 
REQUEST		GWT-RPC open	1782333818711	1782333818712	OK	 
REQUEST		GWT-RPC XsrfTokenService.getNewXsrfToken	1782333818784	1782333818786	OK	 
REQUEST		GWT-RPC open	1782333818786	1782333818787	OK	 
USER	GwtXsrfJourney	START	1782333818917
REQUEST		GET .nocache.js	1782333818917	1782333818920	OK	 
REQUEST		POST /api/auth/login	1782333818921	1782333818925	OK	 
REQUEST		GWT-RPC XsrfTokenService.getNewXsrfToken	1782333818921	1782333818924	OK	 
REQUEST		GWT-RPC submit	1782333818928	1782333818930	OK	 
USER	GwtXsrfJourney	END	1782333819144
REQUEST		GWT-RPC XsrfTokenService.getNewXsrfToken	1782333819155	1782333819157	OK	 
REQUEST		GWT-RPC open	1782333819158	1782333819160	OK	 
USER	GwtXsrfJourney	START	1782333819251
REQUEST		GET .nocache.js	1782333819251	1782333819254	OK	 
REQUEST		POST /api/auth/login	1782333819256	1782333819259	OK	 
USER	GwtXsrfJourney	START	1782333819501
REQUEST		GET .nocache.js	1782333819501	1782333819504	OK	 
REQUEST		POST /api/auth/login	1782333819505	1782333819507	OK	 
USER	GwtXsrfJourney	END	1782333819549
USER	GwtXsrfJourney	END	1782333819550
REQUEST		GWT-RPC XsrfTokenService.getNewXsrfToken	1782333819665	1782333819667	OK	 
REQUEST		GWT-RPC submit	1782333819668	1782333819669	OK	 
USER	GwtXsrfJourney	START	1782333819752
REQUEST		GET .nocache.js	1782333819751	1782333819754	OK	 
REQUEST		POST /api/auth/login	1782333819755	1782333819758	OK	 
REQUEST		GWT-RPC XsrfTokenService.getNewXsrfToken	1782333819819	1782333819821	OK	 
REQUEST		GWT-RPC open	1782333819822	1782333819823	OK	 
REQUEST		GWT-RPC XsrfTokenService.getNewXsrfToken	1782333819849	1782333819851	OK	 
REQUEST		GWT-RPC submit	1782333819852	1782333819853	OK	 
USER	GwtXsrfJourney	END	1782333819932
USER	GwtXsrfJourney	START	1782333820002
REQUEST		GET .nocache.js	1782333820001	1782333820004	OK	 
REQUEST		POST /api/auth/login	1782333820006	1782333820008	OK	 
REQUEST		GWT-RPC XsrfTokenService.getNewXsrfToken	1782333820008	1782333820010	OK	 
REQUEST		GWT-RPC open	1782333820011	1782333820012	OK	 
REQUEST		GWT-RPC XsrfTokenService.getNewXsrfToken	1782333820159	1782333820162	OK	 
REQUEST		GWT-RPC submit	1782333820163	1782333820165	OK	 
USER	GwtXsrfJourney	START	1782333820252
REQUEST		GET .nocache.js	1782333820251	1782333820255	OK	 
REQUEST		POST /api/auth/login	1782333820255	1782333820259	OK	 
USER	GwtXsrfJourney	START	1782333820501
REQUEST		GET .nocache.js	1782333820501	1782333820504	OK	 
REQUEST		POST /api/auth/login	1782333820505	1782333820507	OK	 
REQUEST		GWT-RPC XsrfTokenService.getNewXsrfToken	1782333820523	1782333820525	OK	 
REQUEST		GWT-RPC submit	1782333820525	1782333820526	OK	 
REQUEST		GWT-RPC XsrfTokenService.getNewXsrfToken	1782333820588	1782333820589	OK	 
REQUEST		GWT-RPC open	1782333820590	1782333820591	OK	 
USER	GwtXsrfJourney	END	1782333820670
REQUEST		GWT-RPC XsrfTokenService.getNewXsrfToken	1782333820708	1782333820710	OK	 
REQUEST		GWT-RPC open	1782333820710	1782333820712	OK	 
USER	GwtXsrfJourney	START	1782333820752
REQUEST		GET .nocache.js	1782333820751	1782333820754	OK	 
REQUEST		POST /api/auth/login	1782333820755	1782333820757	OK	 
USER	GwtXsrfJourney	END	1782333820854
REQUEST		GWT-RPC XsrfTokenService.getNewXsrfToken	1782333820988	1782333820991	OK	 
REQUEST		GWT-RPC open	1782333820992	1782333820993	OK	 
USER	GwtXsrfJourney	START	1782333821002
REQUEST		GET .nocache.js	1782333821001	1782333821004	OK	 
REQUEST		POST /api/auth/login	1782333821005	1782333821007	OK	 
REQUEST		GWT-RPC XsrfTokenService.getNewXsrfToken	1782333821031	1782333821033	OK	 
REQUEST		GWT-RPC submit	1782333821034	1782333821035	OK	 
USER	GwtXsrfJourney	END	1782333821167
USER	GwtXsrfJourney	START	1782333821252
REQUEST		GET .nocache.js	1782333821251	1782333821255	OK	 
REQUEST		POST /api/auth/login	1782333821256	1782333821259	OK	 
REQUEST		GWT-RPC XsrfTokenService.getNewXsrfToken	1782333821424	1782333821426	OK	 
REQUEST		GWT-RPC submit	1782333821426	1782333821428	OK	 
REQUEST		GWT-RPC XsrfTokenService.getNewXsrfToken	1782333821430	1782333821431	OK	 
REQUEST		GWT-RPC open	1782333821432	1782333821433	OK	 
REQUEST		GWT-RPC XsrfTokenService.getNewXsrfToken	1782333821482	1782333821484	OK	 
REQUEST		GWT-RPC submit	1782333821484	1782333821485	OK	 
USER	GwtXsrfJourney	START	1782333821501
REQUEST		GET .nocache.js	1782333821501	1782333821504	OK	 
REQUEST		POST /api/auth/login	1782333821504	1782333821506	OK	 
USER	GwtXsrfJourney	END	1782333821527
USER	GwtXsrfJourney	START	1782333821751
REQUEST		GET .nocache.js	1782333821751	1782333821754	OK	 
REQUEST		POST /api/auth/login	1782333821755	1782333821758	OK	 
REQUEST		GWT-RPC XsrfTokenService.getNewXsrfToken	1782333821841	1782333821843	OK	 
REQUEST		GWT-RPC open	1782333821843	1782333821845	OK	 
REQUEST		GWT-RPC XsrfTokenService.getNewXsrfToken	1782333821873	1782333821875	OK	 
REQUEST		GWT-RPC submit	1782333821876	1782333821877	OK	 
REQUEST		GWT-RPC XsrfTokenService.getNewXsrfToken	1782333821882	1782333821883	OK	 
REQUEST		GWT-RPC open	1782333821884	1782333821885	OK	 
REQUEST		GWT-RPC XsrfTokenService.getNewXsrfToken	1782333821893	1782333821894	OK	 
REQUEST		GWT-RPC open	1782333821895	1782333821896	OK	 
USER	GwtXsrfJourney	START	1782333822001
REQUEST		GET .nocache.js	1782333822001	1782333822004	OK	 
REQUEST		POST /api/auth/login	1782333822005	1782333822007	OK	 
USER	GwtXsrfJourney	END	1782333822036
REQUEST		GWT-RPC XsrfTokenService.getNewXsrfToken	1782333822153	1782333822155	OK	 
REQUEST		GWT-RPC open	1782333822156	1782333822157	OK	 
REQUEST		GWT-RPC XsrfTokenService.getNewXsrfToken	1782333822173	1782333822174	OK	 
REQUEST		GWT-RPC submit	1782333822174	1782333822175	OK	 
USER	GwtXsrfJourney	START	1782333822251
REQUEST		GET .nocache.js	1782333822251	1782333822254	OK	 
REQUEST		POST /api/auth/login	1782333822255	1782333822258	OK	 
REQUEST		GWT-RPC XsrfTokenService.getNewXsrfToken	1782333822409	1782333822410	OK	 
REQUEST		GWT-RPC submit	1782333822411	1782333822412	OK	 
USER	GwtXsrfJourney	END	1782333822429
USER	GwtXsrfJourney	END	1782333822487
USER	GwtXsrfJourney	START	1782333822501
REQUEST		GET .nocache.js	1782333822500	1782333822503	OK	 
REQUEST		POST /api/auth/login	1782333822504	1782333822507	OK	 
REQUEST		GWT-RPC XsrfTokenService.getNewXsrfToken	1782333822547	1782333822549	OK	 
REQUEST		GWT-RPC open	1782333822549	1782333822550	OK	 
REQUEST		GWT-RPC XsrfTokenService.getNewXsrfToken	1782333822556	1782333822557	OK	 
REQUEST		GWT-RPC submit	1782333822557	1782333822558	OK	 
USER	GwtXsrfJourney	START	1782333822751
REQUEST		GET .nocache.js	1782333822751	1782333822754	OK	 
REQUEST		POST /api/auth/login	1782333822755	1782333822757	OK	 
REQUEST		GWT-RPC XsrfTokenService.getNewXsrfToken	1782333822757	1782333822759	OK	 
REQUEST		GWT-RPC open	1782333822759	1782333822760	OK	 
USER	GwtXsrfJourney	END	1782333822879
REQUEST		GWT-RPC XsrfTokenService.getNewXsrfToken	1782333822925	1782333822926	OK	 
REQUEST		GWT-RPC open	1782333822927	1782333822928	OK	 
USER	GwtXsrfJourney	START	1782333823002
REQUEST		GET .nocache.js	1782333823001	1782333823004	OK	 
REQUEST		POST /api/auth/login	1782333823005	1782333823007	OK	 
REQUEST		GWT-RPC XsrfTokenService.getNewXsrfToken	1782333823020	1782333823022	OK	 
REQUEST		GWT-RPC submit	1782333823022	1782333823023	OK	 
REQUEST		GWT-RPC XsrfTokenService.getNewXsrfToken	1782333823088	1782333823090	OK	 
REQUEST		GWT-RPC submit	1782333823090	1782333823092	OK	 
USER	GwtXsrfJourney	END	1782333823177
REQUEST		GWT-RPC XsrfTokenService.getNewXsrfToken	1782333823203	1782333823205	OK	 
REQUEST		GWT-RPC open	1782333823205	1782333823206	OK	 
USER	GwtXsrfJourney	START	1782333823251
REQUEST		GET .nocache.js	1782333823251	1782333823253	OK	 
REQUEST		POST /api/auth/login	1782333823254	1782333823256	OK	 
USER	GwtXsrfJourney	END	1782333823413
USER	GwtXsrfJourney	START	1782333823451
REQUEST		GET .nocache.js	1782333823451	1782333823454	OK	 
REQUEST		POST /api/auth/login	1782333823455	1782333823457	OK	 
REQUEST		GWT-RPC XsrfTokenService.getNewXsrfToken	1782333823556	1782333823558	OK	 
USER	GwtXsrfJourney	END	1782333823559
REQUEST		GWT-RPC open	1782333823558	1782333823559	OK	 
REQUEST		GWT-RPC XsrfTokenService.getNewXsrfToken	1782333823612	1782333823614	OK	 
REQUEST		GWT-RPC submit	1782333823614	1782333823615	OK	 
REQUEST		GWT-RPC XsrfTokenService.getNewXsrfToken	1782333823616	1782333823617	OK	 
REQUEST		GWT-RPC open	1782333823618	1782333823619	OK	 
USER	GwtXsrfJourney	START	1782333823651
REQUEST		GET .nocache.js	1782333823651	1782333823653	OK	 
REQUEST		POST /api/auth/login	1782333823654	1782333823656	OK	 
REQUEST		GWT-RPC XsrfTokenService.getNewXsrfToken	1782333823821	1782333823823	OK	 
REQUEST		GWT-RPC submit	1782333823824	1782333823825	OK	 
REQUEST		GWT-RPC XsrfTokenService.getNewXsrfToken	1782333823827	1782333823828	OK	 
REQUEST		GWT-RPC submit	1782333823829	1782333823829	OK	 
USER	GwtXsrfJourney	START	1782333823851
REQUEST		GET .nocache.js	1782333823851	1782333823854	OK	 
REQUEST		POST /api/auth/login	1782333823854	1782333823858	OK	 
REQUEST		GWT-RPC XsrfTokenService.getNewXsrfToken	1782333823929	1782333823931	OK	 
REQUEST		GWT-RPC submit	1782333823931	1782333823932	OK	 
USER	GwtXsrfJourney	END	1782333824025
USER	GwtXsrfJourney	START	1782333824051
REQUEST		GET .nocache.js	1782333824051	1782333824054	OK	 
REQUEST		POST /api/auth/login	1782333824055	1782333824058	OK	 
USER	GwtXsrfJourney	END	1782333824093
USER	GwtXsrfJourney	START	1782333824252
REQUEST		GET .nocache.js	1782333824252	1782333824254	OK	 
REQUEST		POST /api/auth/login	1782333824255	1782333824258	OK	 
REQUEST		GWT-RPC XsrfTokenService.getNewXsrfToken	1782333824279	1782333824281	OK	 
REQUEST		GWT-RPC open	1782333824282	1782333824283	OK	 
REQUEST		GWT-RPC XsrfTokenService.getNewXsrfToken	1782333824421	1782333824422	OK	 
REQUEST		GWT-RPC open	1782333824423	1782333824424	OK	 
REQUEST		GWT-RPC XsrfTokenService.getNewXsrfToken	1782333824428	1782333824429	OK	 
REQUEST		GWT-RPC submit	1782333824430	1782333824431	OK	 
USER	GwtXsrfJourney	START	1782333824451
REQUEST		GET .nocache.js	1782333824451	1782333824453	OK	 
REQUEST		POST /api/auth/login	1782333824454	1782333824456	OK	 
REQUEST		GWT-RPC XsrfTokenService.getNewXsrfToken	1782333824494	1782333824496	OK	 
REQUEST		GWT-RPC open	1782333824496	1782333824497	OK	 
REQUEST		GWT-RPC XsrfTokenService.getNewXsrfToken	1782333824586	1782333824587	OK	 
REQUEST		GWT-RPC open	1782333824588	1782333824589	OK	 
USER	GwtXsrfJourney	END	1782333824616
USER	GwtXsrfJourney	START	1782333824651
REQUEST		GET .nocache.js	1782333824651	1782333824653	OK	 
REQUEST		POST /api/auth/login	1782333824654	1782333824656	OK	 
REQUEST		GWT-RPC XsrfTokenService.getNewXsrfToken	1782333824659	1782333824660	OK	 
REQUEST		GWT-RPC submit	1782333824661	1782333824662	OK	 
REQUEST		GWT-RPC XsrfTokenService.getNewXsrfToken	1782333824733	1782333824735	OK	 
REQUEST		GWT-RPC open	1782333824736	1782333824736	OK	 
REQUEST		GWT-RPC XsrfTokenService.getNewXsrfToken	1782333824778	1782333824779	OK	 
REQUEST		GWT-RPC open	1782333824780	1782333824780	OK	 
USER	GwtXsrfJourney	END	1782333824826
USER	GwtXsrfJourney	END	1782333824830
USER	GwtXsrfJourney	START	1782333824851
REQUEST		GET .nocache.js	1782333824851	1782333824854	OK	 
REQUEST		POST /api/auth/login	1782333824855	1782333824857	OK	 
USER	GwtXsrfJourney	END	1782333824933
USER	GwtXsrfJourney	START	1782333825052
REQUEST		GET .nocache.js	1782333825051	1782333825054	OK	 
REQUEST		POST /api/auth/login	1782333825055	1782333825057	OK	 
REQUEST		GWT-RPC XsrfTokenService.getNewXsrfToken	1782333825180	1782333825182	OK	 
REQUEST		GWT-RPC submit	1782333825183	1782333825184	OK	 
USER	GwtXsrfJourney	START	1782333825251
REQUEST		GET .nocache.js	1782333825251	1782333825254	OK	 
REQUEST		POST /api/auth/login	1782333825255	1782333825257	OK	 
REQUEST		GWT-RPC XsrfTokenService.getNewXsrfToken	1782333825323	1782333825325	OK	 
REQUEST		GWT-RPC submit	1782333825326	1782333825327	OK	 
REQUEST		GWT-RPC XsrfTokenService.getNewXsrfToken	1782333825385	1782333825387	OK	 
REQUEST		GWT-RPC open	1782333825387	1782333825388	OK	 
USER	GwtXsrfJourney	END	1782333825432
REQUEST		GWT-RPC XsrfTokenService.getNewXsrfToken	1782333825447	1782333825449	OK	 
REQUEST		GWT-RPC submit	1782333825449	1782333825450	OK	 
USER	GwtXsrfJourney	START	1782333825451
REQUEST		GET .nocache.js	1782333825450	1782333825453	OK	 
REQUEST		POST /api/auth/login	1782333825453	1782333825455	OK	 
REQUEST		GWT-RPC XsrfTokenService.getNewXsrfToken	1782333825555	1782333825556	OK	 
REQUEST		GWT-RPC open	1782333825557	1782333825558	OK	 
USER	GwtXsrfJourney	START	1782333825651
REQUEST		GET .nocache.js	1782333825651	1782333825654	OK	 
REQUEST		POST /api/auth/login	1782333825654	1782333825656	OK	 
USER	GwtXsrfJourney	END	1782333825663
REQUEST		GWT-RPC XsrfTokenService.getNewXsrfToken	1782333825814	1782333825816	OK	 
REQUEST		GWT-RPC open	1782333825817	1782333825818	OK	 
USER	GwtXsrfJourney	START	1782333825851
REQUEST		GET .nocache.js	1782333825851	1782333825854	OK	 
REQUEST		POST /api/auth/login	1782333825855	1782333825857	OK	 
REQUEST		GWT-RPC XsrfTokenService.getNewXsrfToken	1782333825859	1782333825860	OK	 
REQUEST		GWT-RPC open	1782333825861	1782333825862	OK	 
REQUEST		GWT-RPC XsrfTokenService.getNewXsrfToken	1782333825882	1782333825883	OK	 
REQUEST		GWT-RPC submit	1782333825884	1782333825884	OK	 
REQUEST		GWT-RPC XsrfTokenService.getNewXsrfToken	1782333825904	1782333825905	OK	 
REQUEST		GWT-RPC open	1782333825905	1782333825906	OK	 
USER	GwtXsrfJourney	START	1782333826052
REQUEST		GET .nocache.js	1782333826051	1782333826054	OK	 
REQUEST		POST /api/auth/login	1782333826055	1782333826057	OK	 
USER	GwtXsrfJourney	END	1782333826185
REQUEST		GWT-RPC XsrfTokenService.getNewXsrfToken	1782333826211	1782333826213	OK	 
REQUEST		GWT-RPC submit	1782333826214	1782333826214	OK	 
REQUEST		GWT-RPC XsrfTokenService.getNewXsrfToken	1782333826279	1782333826281	OK	 
REQUEST		GWT-RPC submit	1782333826282	1782333826283	OK	 
USER	GwtXsrfJourney	END	1782333826328
REQUEST		GWT-RPC XsrfTokenService.getNewXsrfToken	1782333826348	1782333826350	OK	 
REQUEST		GWT-RPC submit	1782333826351	1782333826352	OK	 
REQUEST		GWT-RPC XsrfTokenService.getNewXsrfToken	1782333826369	1782333826370	OK	 
REQUEST		GWT-RPC open	1782333826371	1782333826372	OK	 
REQUEST		GWT-RPC XsrfTokenService.getNewXsrfToken	1782333826408	1782333826410	OK	 
REQUEST		GWT-RPC open	1782333826410	1782333826412	OK	 
USER	GwtXsrfJourney	END	1782333826451
REQUEST		GWT-RPC XsrfTokenService.getNewXsrfToken	1782333826561	1782333826563	OK	 
REQUEST		GWT-RPC open	1782333826563	1782333826564	OK	 
REQUEST		GWT-RPC XsrfTokenService.getNewXsrfToken	1782333826571	1782333826572	OK	 
REQUEST		GWT-RPC submit	1782333826572	1782333826573	OK	 
REQUEST		GWT-RPC XsrfTokenService.getNewXsrfToken	1782333826661	1782333826663	OK	 
REQUEST		GWT-RPC submit	1782333826663	1782333826664	OK	 
REQUEST		GWT-RPC XsrfTokenService.getNewXsrfToken	1782333826686	1782333826687	OK	 
REQUEST		GWT-RPC submit	1782333826687	1782333826689	OK	 
USER	GwtXsrfJourney	END	1782333826886
REQUEST		GWT-RPC XsrfTokenService.getNewXsrfToken	1782333827056	1782333827058	OK	 
REQUEST		GWT-RPC submit	1782333827059	1782333827060	OK	 
REQUEST		GWT-RPC XsrfTokenService.getNewXsrfToken	1782333827067	1782333827068	OK	 
REQUEST		GWT-RPC open	1782333827068	1782333827069	OK	 
REQUEST		GWT-RPC XsrfTokenService.getNewXsrfToken	1782333827095	1782333827096	OK	 
REQUEST		GWT-RPC open	1782333827097	1782333827097	OK	 
USER	GwtXsrfJourney	END	1782333827215
USER	GwtXsrfJourney	END	1782333827284
USER	GwtXsrfJourney	END	1782333827353
REQUEST		GWT-RPC XsrfTokenService.getNewXsrfToken	1782333827408	1782333827409	OK	 
REQUEST		GWT-RPC submit	1782333827410	1782333827411	OK	 
REQUEST		GWT-RPC XsrfTokenService.getNewXsrfToken	1782333827550	1782333827552	OK	 
REQUEST		GWT-RPC open	1782333827552	1782333827554	OK	 
USER	GwtXsrfJourney	END	1782333827574
REQUEST		GWT-RPC XsrfTokenService.getNewXsrfToken	1782333827662	1782333827664	OK	 
USER	GwtXsrfJourney	END	1782333827665
REQUEST		GWT-RPC submit	1782333827664	1782333827665	OK	 
USER	GwtXsrfJourney	END	1782333827690
REQUEST		GWT-RPC XsrfTokenService.getNewXsrfToken	1782333827816	1782333827817	OK	 
REQUEST		GWT-RPC open	1782333827818	1782333827819	OK	 
USER	GwtXsrfJourney	END	1782333828061
REQUEST		GWT-RPC XsrfTokenService.getNewXsrfToken	1782333828212	1782333828213	OK	 
REQUEST		GWT-RPC submit	1782333828214	1782333828215	OK	 
REQUEST		GWT-RPC XsrfTokenService.getNewXsrfToken	1782333828244	1782333828245	OK	 
REQUEST		GWT-RPC submit	1782333828246	1782333828247	OK	 
REQUEST		GWT-RPC XsrfTokenService.getNewXsrfToken	1782333828291	1782333828292	OK	 
REQUEST		GWT-RPC submit	1782333828293	1782333828294	OK	 
USER	GwtXsrfJourney	END	1782333828412
REQUEST		GWT-RPC XsrfTokenService.getNewXsrfToken	1782333828535	1782333828537	OK	 
REQUEST		GWT-RPC submit	1782333828537	1782333828538	OK	 
USER	GwtXsrfJourney	END	1782333828667
REQUEST		GWT-RPC XsrfTokenService.getNewXsrfToken	1782333828818	1782333828820	OK	 
REQUEST		GWT-RPC submit	1782333828821	1782333828822	OK	 
REQUEST		GWT-RPC XsrfTokenService.getNewXsrfToken	1782333828910	1782333828912	OK	 
REQUEST		GWT-RPC submit	1782333828912	1782333828913	OK	 
USER	GwtXsrfJourney	END	1782333829216
USER	GwtXsrfJourney	END	1782333829247
USER	GwtXsrfJourney	END	1782333829295
REQUEST		GWT-RPC XsrfTokenService.getNewXsrfToken	1782333829434	1782333829436	OK	 
REQUEST		GWT-RPC submit	1782333829437	1782333829438	OK	 
USER	GwtXsrfJourney	END	1782333829540
USER	GwtXsrfJourney	END	1782333829823
USER	GwtXsrfJourney	END	1782333829915
USER	GwtXsrfJourney	END	1782333830439
